// Jest Snapshot v1, https://goo.gl/fbAQLP

exports[`I <3 RxJS snapshot 1`] = `
Array [
  Object {
    "frame": 0,
    "notification": Notification {
      "error": undefined,
      "hasValue": true,
      "kind": "N",
      "value": "a1",
    },
  },
  Object {
    "frame": 1,
    "notification": Notification {
      "error": undefined,
      "hasValue": true,
      "kind": "N",
      "value": "b1",
    },
  },
  Object {
    "frame": 3,
    "notification": Notification {
      "error": undefined,
      "hasValue": true,
      "kind": "N",
      "value": "a2",
    },
  },
  Object {
    "frame": 4,
    "notification": Notification {
      "error": undefined,
      "hasValue": true,
      "kind": "N",
      "value": "b2",
    },
  },
  Object {
    "frame": 6,
    "notification": Notification {
      "error": undefined,
      "hasValue": true,
      "kind": "N",
      "value": "a3",
    },
  },
  Object {
    "frame": 7,
    "notification": Notification {
      "error": undefined,
      "hasValue": true,
      "kind": "N",
      "value": "b3",
    },
  },
  Object {
    "frame": 9,
    "notification": Notification {
      "error": undefined,
      "hasValue": true,
      "kind": "N",
      "value": "c1",
    },
  },
  Object {
    "frame": 12,
    "notification": Notification {
      "error": undefined,
      "hasValue": true,
      "kind": "N",
      "value": "c2",
    },
  },
  Object {
    "frame": 15,
    "notification": Notification {
      "error": undefined,
      "hasValue": true,
      "kind": "N",
      "value": "c3",
    },
  },
  Object {
    "frame": 18,
    "notification": Notification {
      "error": undefined,
      "hasValue": false,
      "kind": "C",
      "value": undefined,
    },
  },
]
`;

exports[`mergeMap snapshot 1`] = `
Array [
  Object {
    "frame": 0,
    "notification": Notification {
      "error": undefined,
      "hasValue": true,
      "kind": "N",
      "value": "a1",
    },
  },
  Object {
    "frame": 1,
    "notification": Notification {
      "error": undefined,
      "hasValue": true,
      "kind": "N",
      "value": "b1",
    },
  },
  Object {
    "frame": 3,
    "notification": Notification {
      "error": undefined,
      "hasValue": true,
      "kind": "N",
      "value": "a2",
    },
  },
  Object {
    "frame": 4,
    "notification": Notification {
      "error": undefined,
      "hasValue": true,
      "kind": "N",
      "value": "b2",
    },
  },
  Object {
    "frame": 6,
    "notification": Notification {
      "error": undefined,
      "hasValue": true,
      "kind": "N",
      "value": "a3",
    },
  },
  Object {
    "frame": 7,
    "notification": Notification {
      "error": undefined,
      "hasValue": true,
      "kind": "N",
      "value": "b3",
    },
  },
  Object {
    "frame": 9,
    "notification": Notification {
      "error": undefined,
      "hasValue": true,
      "kind": "N",
      "value": "c1",
    },
  },
  Object {
    "frame": 12,
    "notification": Notification {
      "error": undefined,
      "hasValue": true,
      "kind": "N",
      "value": "c2",
    },
  },
  Object {
    "frame": 15,
    "notification": Notification {
      "error": undefined,
      "hasValue": true,
      "kind": "N",
      "value": "c3",
    },
  },
  Object {
    "frame": 18,
    "notification": Notification {
      "error": undefined,
      "hasValue": false,
      "kind": "C",
      "value": undefined,
    },
  },
]
`;
